Manually triggering brand collection...
Currently have 376 brands in DB.
node : Trigger failed: Error
: Gemini Error: {"code":404,
"message":"models/gemini-1.5
-flash is not found for API 
version v1beta, or is not su
pported for generateContent.
 Call ListModels to see the 
list of available models and
 their supported methods.","
status":"NOT_FOUND"}
At line:1 char:1
+ node manual-collect-test.m
js > test_output.txt 2>&1
+ ~~~~~~~~~~~~~~~~~~~~~~~~~~
~~~~~~~~~~~~~~~~~~~~~~~~~
    + CategoryInfo          
    : NotSpecified: (Trigg  
  er failed:...s":"NOT_FO   
 UND"}:String) [], Remot    
eException
    + FullyQualifiedErrorId 
    : NativeCommandError
 
    at triggerCollection (fi
le:///C:/prj/second-hand-inv
entory/manual-collect-test.m
js:32:31)
    at process.processTicksA
ndRejections (node:internal/
process/task_queues:103:5)
