TURSO_URL: Not Set
NAVER_CLIENT_ID: Set
PROXY_URL: Set

--- Testing DB Stats ---
Detailed Reg Stats: {
  "daily": [],
  "weeklyAvg": 0,
  "monthlyAvg": 0,
  "lastMonthTotal": 0,
  "thisMonthTotal": 0
}
Flow Stats (First 3): [
  {
    "month": "2025-03",
    "in": 0,
    "out": 0
  },
  {
    "month": "2025-04",
    "in": 0,
    "out": 0
  },
  {
    "month": "2025-05",
    "in": 0,
    "out": 0
  }
]

--- Testing Naver API ---
Success! Found 7 orders.
Sample Order: {
  "orderId": "2026011611483151",
  "productOrderId": "2026011631308371",
  "lastChangedType": "CLAIM_COMPLETED",
  "paymentDate": "2026-01-16T10:01:46.969+09:00",
  "lastChangedDate": "2026-01-23T15:33:50.000+09:00",
  "productOrderStatus": "RETURNED",
  "claimType": "RETURN",
  "claimStatus": "RETURN_DONE",
  "receiverAddressChanged": false
}

--- Testing Naver API (getNaverOrders - Last Changed) ---
Requesting Last Changed Statuses from: 2026-01-20T08:45:43.171Z
Response received but content not found.
Keys: timestamp, traceId
Full Response Preview: {
  "timestamp": "2026-02-19T17:45:43.377+09:00",
  "traceId": "v1Z7cVGtS-WTAgtQHKFDfw^1770862705016^46621766"
}...
