scripts/check_columns.ts(1,20): error TS2307: Cannot find module '@vercel/postgres' or its corresponding type declarations.
scripts/check_columns_json.ts(1,20): error TS2307: Cannot find module '@vercel/postgres' or its corresponding type declarations.
scripts/sync_smartstore_dates.ts(2,20): error TS2307: Cannot find module '@vercel/postgres' or its corresponding type declarations.
src/components/smartstore-dashboard.tsx(352,26): error TS2739: Type '{ items: any; tag: string; color: string; discount: number; categoryName: string; }' is missing the following properties from type 'ProductListProps': selectedIds, onSelectChange
src/components/smartstore-dashboard.tsx(369,26): error TS2739: Type '{ items: any; tag: string; color: string; discount: number; categoryName: string; }' is missing the following properties from type 'ProductListProps': selectedIds, onSelectChange
src/components/smartstore-dashboard.tsx(386,26): error TS2739: Type '{ items: any; tag: string; color: string; discount: number; categoryName: string; }' is missing the following properties from type 'ProductListProps': selectedIds, onSelectChange
src/components/smartstore-dashboard.tsx(403,26): error TS2739: Type '{ items: any; tag: string; color: string; discount: number; categoryName: string; }' is missing the following properties from type 'ProductListProps': selectedIds, onSelectChange
src/components/smartstore-dashboard.tsx(420,26): error TS2739: Type '{ items: any; tag: string; color: string; discount: number; categoryName: string; }' is missing the following properties from type 'ProductListProps': selectedIds, onSelectChange
src/components/smartstore-dashboard.tsx(437,26): error TS2739: Type '{ items: any; tag: string; color: string; discount: number; categoryName: string; }' is missing the following properties from type 'ProductListProps': selectedIds, onSelectChange
src/components/smartstore-dashboard.tsx(454,26): error TS2739: Type '{ items: any; tag: string; color: string; discount: number; categoryName: string; }' is missing the following properties from type 'ProductListProps': selectedIds, onSelectChange
src/components/smartstore-dashboard.tsx(471,26): error TS2739: Type '{ items: any; tag: string; color: string; discount: number; categoryName: string; }' is missing the following properties from type 'ProductListProps': selectedIds, onSelectChange
src/lib/__tests__/brand-extractor.test.ts(3,1): error TS2582: Cannot find name 'describe'. Do you need to install type definitions for a test runner? Try `npm i --save-dev @types/jest` or `npm i --save-dev @types/mocha`.
src/lib/__tests__/brand-extractor.test.ts(4,5): error TS2582: Cannot find name 'describe'. Do you need to install type definitions for a test runner? Try `npm i --save-dev @types/jest` or `npm i --save-dev @types/mocha`.
src/lib/__tests__/brand-extractor.test.ts(5,9): error TS2582: Cannot find name 'it'. Do you need to install type definitions for a test runner? Try `npm i --save-dev @types/jest` or `npm i --save-dev @types/mocha`.
src/lib/__tests__/brand-extractor.test.ts(7,13): error TS2304: Cannot find name 'expect'.
src/lib/__tests__/brand-extractor.test.ts(10,9): error TS2582: Cannot find name 'it'. Do you need to install type definitions for a test runner? Try `npm i --save-dev @types/jest` or `npm i --save-dev @types/mocha`.
src/lib/__tests__/brand-extractor.test.ts(12,13): error TS2304: Cannot find name 'expect'.
src/lib/__tests__/brand-extractor.test.ts(15,9): error TS2582: Cannot find name 'it'. Do you need to install type definitions for a test runner? Try `npm i --save-dev @types/jest` or `npm i --save-dev @types/mocha`.
src/lib/__tests__/brand-extractor.test.ts(17,13): error TS2304: Cannot find name 'expect'.
src/lib/__tests__/brand-extractor.test.ts(20,9): error TS2582: Cannot find name 'it'. Do you need to install type definitions for a test runner? Try `npm i --save-dev @types/jest` or `npm i --save-dev @types/mocha`.
src/lib/__tests__/brand-extractor.test.ts(22,13): error TS2304: Cannot find name 'expect'.
src/lib/__tests__/brand-extractor.test.ts(25,9): error TS2582: Cannot find name 'it'. Do you need to install type definitions for a test runner? Try `npm i --save-dev @types/jest` or `npm i --save-dev @types/mocha`.
src/lib/__tests__/brand-extractor.test.ts(26,13): error TS2304: Cannot find name 'expect'.
src/lib/__tests__/brand-extractor.test.ts(29,9): error TS2582: Cannot find name 'it'. Do you need to install type definitions for a test runner? Try `npm i --save-dev @types/jest` or `npm i --save-dev @types/mocha`.
src/lib/__tests__/brand-extractor.test.ts(31,13): error TS2304: Cannot find name 'expect'.
src/lib/__tests__/brand-extractor.test.ts(34,9): error TS2582: Cannot find name 'it'. Do you need to install type definitions for a test runner? Try `npm i --save-dev @types/jest` or `npm i --save-dev @types/mocha`.
src/lib/__tests__/brand-extractor.test.ts(36,13): error TS2304: Cannot find name 'expect'.
src/lib/__tests__/brand-extractor.test.ts(40,5): error TS2582: Cannot find name 'describe'. Do you need to install type definitions for a test runner? Try `npm i --save-dev @types/jest` or `npm i --save-dev @types/mocha`.
src/lib/__tests__/brand-extractor.test.ts(41,9): error TS2582: Cannot find name 'it'. Do you need to install type definitions for a test runner? Try `npm i --save-dev @types/jest` or `npm i --save-dev @types/mocha`.
src/lib/__tests__/brand-extractor.test.ts(44,13): error TS2304: Cannot find name 'expect'.
src/lib/__tests__/brand-extractor.test.ts(47,9): error TS2582: Cannot find name 'it'. Do you need to install type definitions for a test runner? Try `npm i --save-dev @types/jest` or `npm i --save-dev @types/mocha`.
src/lib/__tests__/brand-extractor.test.ts(49,13): error TS2304: Cannot find name 'expect'.
src/lib/__tests__/brand-extractor.test.ts(52,9): error TS2582: Cannot find name 'it'. Do you need to install type definitions for a test runner? Try `npm i --save-dev @types/jest` or `npm i --save-dev @types/mocha`.
src/lib/__tests__/brand-extractor.test.ts(54,13): error TS2304: Cannot find name 'expect'.
src/lib/__tests__/brand-extractor.test.ts(57,9): error TS2582: Cannot find name 'it'. Do you need to install type definitions for a test runner? Try `npm i --save-dev @types/jest` or `npm i --save-dev @types/mocha`.
src/lib/__tests__/brand-extractor.test.ts(59,13): error TS2304: Cannot find name 'expect'.
src/lib/classification/archive.ts(2,34): error TS5097: An import path can only end with a '.ts' extension when 'allowImportingTsExtensions' is enabled.
